******************************************************************************
                  TI ARM Linker PC v20.2.5                     
******************************************************************************
>> Linked Tue May 24 00:01:45 2022

OUTPUT FILE NAME:   <DIO.out>
ENTRY POINT SYMBOL: "_c_int00_noargs"  address: 000008f9


MEMORY CONFIGURATION

         name            origin    length      used     unused   attr    fill
----------------------  --------  ---------  --------  --------  ----  --------
  FLASH                 00000000   00040000  00000986  0003f67a  R  X
  SRAM                  20000000   00008000  0000022d  00007dd3  RW X


SEGMENT ALLOCATION MAP

run origin  load origin   length   init length attrs members
----------  ----------- ---------- ----------- ----- -------
00000000    00000000    00000988   00000988    r-x
  00000000    00000000    0000026c   0000026c    r-- .intvecs
  0000026c    0000026c    000006e2   000006e2    r-x .text
  00000950    00000950    00000038   00000038    r-- .cinit
20000000    20000000    0000022d   00000000    rw-
  20000000    20000000    00000200   00000000    rw- .stack
  20000200    20000200    0000002d   00000000    rw- .data


SECTION ALLOCATION MAP

 output                                  attributes/
section   page    origin      length       input sections
--------  ----  ----------  ----------   ----------------
.intvecs   0    00000000    0000026c     
                  00000000    0000026c     tm4c123gh6pm_startup_ccs.obj (.intvecs)

.text      0    0000026c    000006e2     
                  0000026c    0000048c     Dio.obj (.text)
                  000006f8    0000009c     rtsv7M4_T_le_v4SPD16_eabi.lib : memcpy_t2.asm.obj (.text)
                  00000794    00000070     main.obj (.text)
                  00000804    00000068     rtsv7M4_T_le_v4SPD16_eabi.lib : copy_decompress_lzss.c.obj (.text:decompress:lzss:__TI_decompress_lzss)
                  0000086c    00000048     Det.obj (.text)
                  000008b4    00000044     rtsv7M4_T_le_v4SPD16_eabi.lib : autoinit.c.obj (.text:__TI_auto_init_nobinit_nopinit:__TI_auto_init_nobinit_nopinit)
                  000008f8    00000034                                   : boot_cortex_m.c.obj (.text:_c_int00_noargs:_c_int00_noargs)
                  0000092c    0000000e                                   : copy_decompress_none.c.obj (.text:decompress:none:__TI_decompress_none)
                  0000093a    0000000c     tm4c123gh6pm_startup_ccs.obj (.text)
                  00000946    00000004     rtsv7M4_T_le_v4SPD16_eabi.lib : pre_init.c.obj (.text:_system_pre_init)
                  0000094a    00000004                                   : exit.c.obj (.text:abort:abort)

.cinit     0    00000950    00000038     
                  00000950    00000028     (.cinit..data.load) [load image, compression = lzss]
                  00000978    00000008     (__TI_handler_table)
                  00000980    00000008     (__TI_cinit_table)

.init_array 
*          0    00000000    00000000     UNINITIALIZED

.data      0    20000200    0000002d     UNINITIALIZED
                  20000200    00000018     Dio.obj (.data:GPIO_BASE_ADDRESS)
                  20000218    00000010     Dio_Lcfg.obj (.data:PortConfig)
                  20000228    00000005     Det.obj (.data)

.stack     0    20000000    00000200     UNINITIALIZED
                  20000000    00000004     rtsv7M4_T_le_v4SPD16_eabi.lib : boot_cortex_m.c.obj (.stack)
                  20000004    000001fc     --HOLE--

__llvm_prf_cnts 
*          0    20000000    00000000     UNINITIALIZED

MODULE SUMMARY

       Module                         code   ro data   rw data
       ------                         ----   -------   -------
    .\
       Dio.obj                        1164   0         24     
       tm4c123gh6pm_startup_ccs.obj   12     620       0      
       main.obj                       112    0         0      
       Det.obj                        72     0         5      
       Dio_Lcfg.obj                   0      0         16     
    +--+------------------------------+------+---------+---------+
       Total:                         1360   620       45     
                                                              
    C:\ti\ccs1040\ccs\tools\compiler\ti-cgt-arm_20.2.5.LTS\lib\rtsv7M4_T_le_v4SPD16_eabi.lib
       memcpy_t2.asm.obj              156    0         0      
       copy_decompress_lzss.c.obj     104    0         0      
       autoinit.c.obj                 68     0         0      
       boot_cortex_m.c.obj            52     0         0      
       copy_decompress_none.c.obj     14     0         0      
       exit.c.obj                     4      0         0      
       pre_init.c.obj                 4      0         0      
    +--+------------------------------+------+---------+---------+
       Total:                         402    0         0      
                                                              
       Stack:                         0      0         512    
       Linker Generated:              0      56        0      
    +--+------------------------------+------+---------+---------+
       Grand Total:                   1762   676       557    


LINKER GENERATED COPY TABLES

__TI_cinit_table @ 00000980 records: 1, size/record: 8, table size: 8
	.data: load addr=00000950, load size=00000028 bytes, run addr=20000200, run size=0000002d bytes, compression=lzss


LINKER GENERATED HANDLER TABLE

__TI_handler_table @ 00000978 records: 2, size/record: 4, table size: 8
	index: 0, handler: __TI_decompress_lzss
	index: 1, handler: __TI_decompress_none


GLOBAL SYMBOLS: SORTED ALPHABETICALLY BY Name 

address   name                          
-------   ----                          
0000094b  C$$EXIT                       
2000022b  Det_ApiId                     
2000022c  Det_ErrorId                   
2000022a  Det_InstanceId                
20000228  Det_ModuleId                  
0000086d  Det_ReportError               
000005d3  Dio_FlipChannel               
000006bf  Dio_GetVersionInfo            
000003cb  Dio_ReadChannel               
000004e5  Dio_ReadPort                  
0000043d  Dio_WriteChannel              
00000525  Dio_WritePort                 
20000218  PortConfig                    
000002b1  Port_Init                     
0000093b  ResetISR                      
20000200  __STACK_END                   
00000200  __STACK_SIZE                  
20000200  __STACK_TOP                   
00000980  __TI_CINIT_Base               
00000988  __TI_CINIT_Limit              
00000978  __TI_Handler_Table_Base       
00000980  __TI_Handler_Table_Limit      
000008b5  __TI_auto_init_nobinit_nopinit
00000805  __TI_decompress_lzss          
0000092d  __TI_decompress_none          
ffffffff  __TI_pprof_out_hndl           
ffffffff  __TI_prof_data_size           
ffffffff  __TI_prof_data_start          
00000000  __TI_static_base__            
000006f9  __aeabi_memcpy                
000006f9  __aeabi_memcpy4               
000006f9  __aeabi_memcpy8               
ffffffff  __binit__                     
ffffffff  __c_args__                    
UNDEFED   __mpu_init                    
20000000  __stack                       
20000000  __start___llvm_prf_cnts       
20000000  __stop___llvm_prf_cnts        
000008f9  _c_int00_noargs               
UNDEFED   _system_post_cinit            
00000947  _system_pre_init              
0000094b  abort                         
ffffffff  binit                         
00000000  g_pfnVectors                  
000007c5  main                          
000006f9  memcpy                        
00000795  portF                         


GLOBAL SYMBOLS: SORTED BY Symbol Address 

address   name                          
-------   ----                          
00000000  __TI_static_base__            
00000000  g_pfnVectors                  
00000200  __STACK_SIZE                  
000002b1  Port_Init                     
000003cb  Dio_ReadChannel               
0000043d  Dio_WriteChannel              
000004e5  Dio_ReadPort                  
00000525  Dio_WritePort                 
000005d3  Dio_FlipChannel               
000006bf  Dio_GetVersionInfo            
000006f9  __aeabi_memcpy                
000006f9  __aeabi_memcpy4               
000006f9  __aeabi_memcpy8               
000006f9  memcpy                        
00000795  portF                         
000007c5  main                          
00000805  __TI_decompress_lzss          
0000086d  Det_ReportError               
000008b5  __TI_auto_init_nobinit_nopinit
000008f9  _c_int00_noargs               
0000092d  __TI_decompress_none          
0000093b  ResetISR                      
00000947  _system_pre_init              
0000094b  C$$EXIT                       
0000094b  abort                         
00000978  __TI_Handler_Table_Base       
00000980  __TI_CINIT_Base               
00000980  __TI_Handler_Table_Limit      
00000988  __TI_CINIT_Limit              
20000000  __stack                       
20000000  __start___llvm_prf_cnts       
20000000  __stop___llvm_prf_cnts        
20000200  __STACK_END                   
20000200  __STACK_TOP                   
20000218  PortConfig                    
20000228  Det_ModuleId                  
2000022a  Det_InstanceId                
2000022b  Det_ApiId                     
2000022c  Det_ErrorId                   
ffffffff  __TI_pprof_out_hndl           
ffffffff  __TI_prof_data_size           
ffffffff  __TI_prof_data_start          
ffffffff  __binit__                     
ffffffff  __c_args__                    
ffffffff  binit                         
UNDEFED   __mpu_init                    
UNDEFED   _system_post_cinit            

[47 symbols]
